   1               		.file	"aes192_dec.c"
   2               	__SREG__ = 0x3f
   3               	__SP_H__ = 0x3e
   4               	__SP_L__ = 0x3d
   5               	__CCP__  = 0x34
   6               	__tmp_reg__ = 0
   7               	__zero_reg__ = 1
  15               	.Ltext0:
  16               	.global	aes192_dec
  18               	aes192_dec:
  19               	.LFB2:
  20               	.LM1:
  21               	.LVL0:
  22               	/* prologue: function */
  23               	/* frame size = 0 */
  24               	.LM2:
  25 0000 4CE0      		ldi r20,lo8(12)
  26 0002 00D0      		rcall aes_decrypt_core
  27               	.LVL1:
  28               	/* epilogue start */
  29               	.LM3:
  30 0004 0895      		ret
  31               	.LFE2:
  57               	.Letext0:
DEFINED SYMBOLS
                            *ABS*:00000000 aes192_dec.c
/var/folders/nj/ppgbdtvx2ggf2zr90g6_2bsc0000gn/T//ccOs3qT7.s:2      *ABS*:0000003f __SREG__
/var/folders/nj/ppgbdtvx2ggf2zr90g6_2bsc0000gn/T//ccOs3qT7.s:3      *ABS*:0000003e __SP_H__
/var/folders/nj/ppgbdtvx2ggf2zr90g6_2bsc0000gn/T//ccOs3qT7.s:4      *ABS*:0000003d __SP_L__
/var/folders/nj/ppgbdtvx2ggf2zr90g6_2bsc0000gn/T//ccOs3qT7.s:5      *ABS*:00000034 __CCP__
/var/folders/nj/ppgbdtvx2ggf2zr90g6_2bsc0000gn/T//ccOs3qT7.s:6      *ABS*:00000000 __tmp_reg__
/var/folders/nj/ppgbdtvx2ggf2zr90g6_2bsc0000gn/T//ccOs3qT7.s:7      *ABS*:00000001 __zero_reg__
/var/folders/nj/ppgbdtvx2ggf2zr90g6_2bsc0000gn/T//ccOs3qT7.s:18     .text:00000000 aes192_dec

UNDEFINED SYMBOLS
aes_decrypt_core
